2025-03-03 22:47:48,883 - WorkMonth - INFO - Инициализация объекта WorkMonth
2025-03-03 22:47:48,884 - WorkMonth - INFO - Инициализация рабочего месяца 2.2023
2025-03-03 22:47:48,885 - WorkMonth - INFO - Обработка праздничных дней
2025-03-03 22:47:48,885 - WorkMonth - WARNING - Файл holidays.toml не найден. Продолжаем без этих дат.
2025-03-03 22:47:48,886 - WorkMonth - INFO - Добавлено 0 праздничных дней
2025-03-03 22:47:48,886 - WorkMonth - INFO - Обработка перенесенных дней
2025-03-03 22:47:48,887 - WorkMonth - WARNING - Файл postponed_day.toml не найден. Продолжаем без этих дат.
2025-03-03 22:47:48,887 - WorkMonth - INFO - Добавлено 0 рабочих дней из переносов
2025-03-03 22:47:48,889 - WorkMonth - INFO - Месяц 2.2023 инициализирован. Рабочих дней: 20, выходных: 8
2025-03-03 22:47:48,894 - WorkMonth - INFO - Инициализация объекта WorkMonth
2025-03-03 22:47:48,895 - WorkMonth - INFO - Инициализация рабочего месяца 1.2024
2025-03-03 22:47:48,895 - WorkMonth - INFO - Обработка праздничных дней
2025-03-03 22:47:48,896 - WorkMonth - WARNING - Файл holidays.toml не найден. Продолжаем без этих дат.
2025-03-03 22:47:48,897 - WorkMonth - INFO - Добавлено 0 праздничных дней
2025-03-03 22:47:48,897 - WorkMonth - INFO - Обработка перенесенных дней
2025-03-03 22:47:48,897 - WorkMonth - WARNING - Файл postponed_day.toml не найден. Продолжаем без этих дат.
2025-03-03 22:47:48,897 - WorkMonth - INFO - Добавлено 0 рабочих дней из переносов
2025-03-03 22:47:48,898 - WorkMonth - INFO - Месяц 1.2024 инициализирован. Рабочих дней: 23, выходных: 8
2025-03-03 22:47:48,899 - WorkMonth - INFO - Инициализация объекта WorkMonth
2025-03-03 22:47:48,899 - WorkMonth - INFO - Инициализация рабочего месяца 2.2024
2025-03-03 22:47:48,899 - WorkMonth - INFO - Обработка праздничных дней
2025-03-03 22:47:48,899 - WorkMonth - WARNING - Файл holidays.toml не найден. Продолжаем без этих дат.
2025-03-03 22:47:48,900 - WorkMonth - INFO - Добавлено 0 праздничных дней
2025-03-03 22:47:48,900 - WorkMonth - INFO - Обработка перенесенных дней
2025-03-03 22:47:48,900 - WorkMonth - WARNING - Файл postponed_day.toml не найден. Продолжаем без этих дат.
2025-03-03 22:47:48,901 - WorkMonth - INFO - Добавлено 0 рабочих дней из переносов
2025-03-03 22:47:48,902 - WorkMonth - INFO - Месяц 2.2024 инициализирован. Рабочих дней: 21, выходных: 8
2025-03-03 22:47:48,904 - WorkMonth - INFO - Инициализация объекта WorkMonth
2025-03-03 22:47:48,905 - WorkMonth - INFO - Инициализация рабочего месяца 5.2023
2025-03-03 22:47:48,905 - WorkMonth - INFO - Обработка праздничных дней
2025-03-03 22:47:48,906 - WorkMonth - WARNING - Файл holidays.toml не найден. Продолжаем без этих дат.
2025-03-03 22:47:48,906 - WorkMonth - INFO - Добавлено 0 праздничных дней
2025-03-03 22:47:48,906 - WorkMonth - INFO - Обработка перенесенных дней
2025-03-03 22:47:48,907 - WorkMonth - WARNING - Файл postponed_day.toml не найден. Продолжаем без этих дат.
2025-03-03 22:47:48,907 - WorkMonth - INFO - Добавлено 0 рабочих дней из переносов
2025-03-03 22:47:48,907 - WorkMonth - INFO - Месяц 5.2023 инициализирован. Рабочих дней: 23, выходных: 8
2025-03-03 22:55:23,188 - WorkMonth - INFO - Инициализация объекта WorkMonth
2025-03-03 22:55:23,189 - WorkMonth - INFO - Инициализация рабочего месяца 2.2023
2025-03-03 22:55:23,189 - WorkMonth - INFO - Обработка праздничных дней
2025-03-03 22:55:23,190 - WorkMonth - WARNING - Файл holidays.toml не найден. Продолжаем без этих дат.
2025-03-03 22:55:23,190 - WorkMonth - INFO - Добавлено 0 праздничных дней
2025-03-03 22:55:23,191 - WorkMonth - INFO - Обработка перенесенных дней
2025-03-03 22:55:23,191 - WorkMonth - WARNING - Файл postponed_day.toml не найден. Продолжаем без этих дат.
2025-03-03 22:55:23,192 - WorkMonth - INFO - Добавлено 0 рабочих дней из переносов
2025-03-03 22:55:23,193 - WorkMonth - INFO - Месяц 2.2023 инициализирован. Рабочих дней: 20, выходных: 8
2025-03-03 22:55:23,196 - WorkMonth - INFO - Инициализация объекта WorkMonth
2025-03-03 22:55:23,196 - WorkMonth - INFO - Инициализация рабочего месяца 1.2024
2025-03-03 22:55:23,197 - WorkMonth - INFO - Обработка праздничных дней
2025-03-03 22:55:23,197 - WorkMonth - WARNING - Файл holidays.toml не найден. Продолжаем без этих дат.
2025-03-03 22:55:23,198 - WorkMonth - INFO - Добавлено 0 праздничных дней
2025-03-03 22:55:23,198 - WorkMonth - INFO - Обработка перенесенных дней
2025-03-03 22:55:23,199 - WorkMonth - WARNING - Файл postponed_day.toml не найден. Продолжаем без этих дат.
2025-03-03 22:55:23,199 - WorkMonth - INFO - Добавлено 0 рабочих дней из переносов
2025-03-03 22:55:23,199 - WorkMonth - INFO - Месяц 1.2024 инициализирован. Рабочих дней: 23, выходных: 8
2025-03-03 22:55:23,202 - WorkMonth - INFO - Инициализация объекта WorkMonth
2025-03-03 22:55:23,203 - WorkMonth - INFO - Инициализация рабочего месяца 2.2024
2025-03-03 22:55:23,203 - WorkMonth - INFO - Обработка праздничных дней
2025-03-03 22:55:23,204 - WorkMonth - WARNING - Файл holidays.toml не найден. Продолжаем без этих дат.
2025-03-03 22:55:23,204 - WorkMonth - INFO - Добавлено 0 праздничных дней
2025-03-03 22:55:23,204 - WorkMonth - INFO - Обработка перенесенных дней
2025-03-03 22:55:23,206 - WorkMonth - WARNING - Файл postponed_day.toml не найден. Продолжаем без этих дат.
2025-03-03 22:55:23,206 - WorkMonth - INFO - Добавлено 0 рабочих дней из переносов
2025-03-03 22:55:23,206 - WorkMonth - INFO - Месяц 2.2024 инициализирован. Рабочих дней: 21, выходных: 8
2025-03-03 22:55:23,208 - WorkMonth - INFO - Инициализация объекта WorkMonth
2025-03-03 22:55:23,208 - WorkMonth - INFO - Инициализация рабочего месяца 5.2023
2025-03-03 22:55:23,209 - WorkMonth - INFO - Обработка праздничных дней
2025-03-03 22:55:23,209 - WorkMonth - WARNING - Файл holidays.toml не найден. Продолжаем без этих дат.
2025-03-03 22:55:23,210 - WorkMonth - INFO - Добавлено 0 праздничных дней
2025-03-03 22:55:23,210 - WorkMonth - INFO - Обработка перенесенных дней
2025-03-03 22:55:23,211 - WorkMonth - WARNING - Файл postponed_day.toml не найден. Продолжаем без этих дат.
2025-03-03 22:55:23,212 - WorkMonth - INFO - Добавлено 0 рабочих дней из переносов
2025-03-03 22:55:23,212 - WorkMonth - INFO - Месяц 5.2023 инициализирован. Рабочих дней: 23, выходных: 8
